// Jest Snapshot v1, https://goo.gl/fbAQLP

exports[`<GridImage/> should render with background  1`] = `
.c3 {
  color: #0A1128;
  font-size: 6.4rem;
  text-transform: uppercase;
}

.c5 {
  font-size: 2.4rem;
}

.c2 > .c4 {
  margin-bottom: 5.6rem;
}

.c6 {
  display: grid;
  grid-template-columns: repeat(auto-fill,minmax(28rem,1fr));
  gap: 3.2rem;
}

.c7 {
  overflow: hidden;
}

.c8 {
  width: 100%;
  -webkit-transition: all 300ms ease-in-out;
  transition: all 300ms ease-in-out;
}

.c8:hover {
  -webkit-transform: scale(1.2) rotate(15deg);
  -ms-transform: scale(1.2) rotate(15deg);
  transform: scale(1.2) rotate(15deg);
}

.c0 {
  background: #fff;
  color: #0A1128;
  min-height: 100vh;
  display: -webkit-box;
  display: -webkit-flex;
  display: -ms-flexbox;
  display: flex;
  -webkit-align-items: center;
  -webkit-box-align: center;
  -ms-flex-align: center;
  align-items: center;
}

.c1 {
  max-width: 120rem;
  margin: 0 auto;
  padding: 3.2rem;
}

@media (max-width:768px) {
  .c3 {
    font-size: 4rem;
  }
}

<div>
  <div
    class="c0"
  >
    <div
      class="c1"
    >
      <div
        class="c2"
      >
        <h2
          class="c3"
        >
          My Grid
        </h2>
        <p
          class="c4 c5"
        >
          Lorem ipsum dolor sit amet, consectetur adipisicing elit.Ut quasi error, repellat quia, rerum placeat voluptate corrupti veritatis aliquam sapiente animi ipsa illum non vitae similique temporibus quod accusantium quam?
        </p>
        <div
          class="c6"
        >
          <div
            class="c7"
          >
            <img
              alt="GRID 1"
              class="c8"
              src="https://source.unsplash.com/random/300x300"
            />
          </div>
          <div
            class="c7"
          >
            <img
              alt="GRID 2"
              class="c8"
              src="https://source.unsplash.com/random/300x300"
            />
          </div>
          <div
            class="c7"
          >
            <img
              alt="GRID 3"
              class="c8"
              src="https://source.unsplash.com/random/300x300"
            />
          </div>
          <div
            class="c7"
          >
            <img
              alt="GRID 4"
              class="c8"
              src="https://source.unsplash.com/random/300x300"
            />
          </div>
          <div
            class="c7"
          >
            <img
              alt="GRID 5"
              class="c8"
              src="https://source.unsplash.com/random/300x300"
            />
          </div>
          <div
            class="c7"
          >
            <img
              alt="GRID 6"
              class="c8"
              src="https://source.unsplash.com/random/300x300"
            />
          </div>
        </div>
      </div>
    </div>
  </div>
</div>
`;

exports[`<GridImage/> should render without background  1`] = `
.c3 {
  color: #0A1128;
  font-size: 6.4rem;
  text-transform: uppercase;
}

.c5 {
  font-size: 2.4rem;
}

.c2 > .c4 {
  margin-bottom: 5.6rem;
}

.c6 {
  display: grid;
  grid-template-columns: repeat(auto-fill,minmax(28rem,1fr));
  gap: 3.2rem;
}

.c7 {
  overflow: hidden;
}

.c8 {
  width: 100%;
  -webkit-transition: all 300ms ease-in-out;
  transition: all 300ms ease-in-out;
}

.c8:hover {
  -webkit-transform: scale(1.2) rotate(15deg);
  -ms-transform: scale(1.2) rotate(15deg);
  transform: scale(1.2) rotate(15deg);
}

.c0 {
  background: #fff;
  color: #0A1128;
  min-height: 100vh;
  display: -webkit-box;
  display: -webkit-flex;
  display: -ms-flexbox;
  display: flex;
  -webkit-align-items: center;
  -webkit-box-align: center;
  -ms-flex-align: center;
  align-items: center;
}

.c1 {
  max-width: 120rem;
  margin: 0 auto;
  padding: 3.2rem;
}

@media (max-width:768px) {
  .c3 {
    font-size: 4rem;
  }
}

<div>
  <div
    class="c0"
  >
    <div
      class="c1"
    >
      <div
        class="c2"
      >
        <h2
          class="c3"
        >
          My Grid
        </h2>
        <p
          class="c4 c5"
        >
          Lorem ipsum dolor sit amet, consectetur adipisicing elit.Ut quasi error, repellat quia, rerum placeat voluptate corrupti veritatis aliquam sapiente animi ipsa illum non vitae similique temporibus quod accusantium quam?
        </p>
        <div
          class="c6"
        >
          <div
            class="c7"
          >
            <img
              alt="GRID 1"
              class="c8"
              src="https://source.unsplash.com/random/300x300"
            />
          </div>
          <div
            class="c7"
          >
            <img
              alt="GRID 2"
              class="c8"
              src="https://source.unsplash.com/random/300x300"
            />
          </div>
          <div
            class="c7"
          >
            <img
              alt="GRID 3"
              class="c8"
              src="https://source.unsplash.com/random/300x300"
            />
          </div>
          <div
            class="c7"
          >
            <img
              alt="GRID 4"
              class="c8"
              src="https://source.unsplash.com/random/300x300"
            />
          </div>
          <div
            class="c7"
          >
            <img
              alt="GRID 5"
              class="c8"
              src="https://source.unsplash.com/random/300x300"
            />
          </div>
          <div
            class="c7"
          >
            <img
              alt="GRID 6"
              class="c8"
              src="https://source.unsplash.com/random/300x300"
            />
          </div>
        </div>
      </div>
    </div>
  </div>
</div>
`;
