// Jest Snapshot v1, https://goo.gl/fbAQLP

exports[`<GridContent/> should render grid content 1`] = `
.c2 {
  text-align: center;
  max-width: 58rem;
  margin: 0 auto;
}

.c4 {
  margin: 6.4rem;
}

.c0 {
  background: #fff;
  color: #0A1128;
  min-height: 100vh;
  display: -webkit-box;
  display: -webkit-flex;
  display: -ms-flexbox;
  display: flex;
  -webkit-align-items: center;
  -webkit-box-align: center;
  -ms-flex-align: center;
  align-items: center;
}

.c1 {
  max-width: 120rem;
  margin: 0 auto;
  padding: 3.2rem;
}

.c3 {
  color: #0A1128;
  font-size: 6.4rem;
  text-transform: uppercase;
}

.c5 {
  font-size: 2.4rem;
}

@media (max-width:768px) {
  .c3 {
    font-size: 4rem;
  }
}

<div>
  <div
    class="c0"
  >
    <div
      class="c1"
    >
      <div
        class="c2"
      >
        <h1
          class="c3"
        >
          GRID CONTENT
        </h1>
        <div
          class="c4"
        >
          <div
            class="c5"
          >
            <p>
              Lorem ipsum dolor sit amet, consectetur adipiscing elit. Zenonis est, inquam, hoc Stoici. Restinguet citius, si ardentem acceperit. Sed quanta sit alias, nunc tantum possitne esse tanta. Duo Reges: constructio interrete. 
            </p>
            

  
            <h2>
              Similiter sensus, cum accessit ad naturam, tuetur illam quidem, sed etiam se tuetur;
            </h2>
            

  
            <p>
              Primum in nostrane potestate est, quid meminerimus? Quod iam a me expectare noli. Nihil ad rem! Ne sit sane; Sed haec omittamus; Praeteritis, inquit, gaudeo. 
            </p>
          </div>
        </div>
      </div>
    </div>
  </div>
</div>
`;

exports[`<GridContent/> should render grid content 2`] = `
.c2 {
  text-align: center;
  max-width: 58rem;
  margin: 0 auto;
}

.c4 {
  margin: 6.4rem;
}

.c0 {
  background: #fff;
  color: #0A1128;
  min-height: 100vh;
  display: -webkit-box;
  display: -webkit-flex;
  display: -ms-flexbox;
  display: flex;
  -webkit-align-items: center;
  -webkit-box-align: center;
  -ms-flex-align: center;
  align-items: center;
}

.c1 {
  max-width: 120rem;
  margin: 0 auto;
  padding: 3.2rem;
}

.c3 {
  color: #0A1128;
  font-size: 6.4rem;
  text-transform: uppercase;
}

.c5 {
  font-size: 2.4rem;
}

@media (max-width:768px) {
  .c3 {
    font-size: 4rem;
  }
}

<div>
  <div
    class="c0"
  >
    <div
      class="c1"
    >
      <div
        class="c2"
      >
        <h1
          class="c3"
        >
          GRID CONTENT
        </h1>
        <div
          class="c4"
        >
          <div
            class="c5"
          >
            <p>
              Lorem ipsum dolor sit amet, consectetur adipiscing elit. Zenonis est, inquam, hoc Stoici. Restinguet citius, si ardentem acceperit. Sed quanta sit alias, nunc tantum possitne esse tanta. Duo Reges: constructio interrete. 
            </p>
            

  
            <h2>
              Similiter sensus, cum accessit ad naturam, tuetur illam quidem, sed etiam se tuetur;
            </h2>
            

  
            <p>
              Primum in nostrane potestate est, quid meminerimus? Quod iam a me expectare noli. Nihil ad rem! Ne sit sane; Sed haec omittamus; Praeteritis, inquit, gaudeo. 
            </p>
          </div>
        </div>
      </div>
    </div>
  </div>
</div>
`;
